// Jest Snapshot v1, https://goo.gl/fbAQLP

exports[`Button test Button should render 1`] = `
<button
  className="button buttonWithIcon styled large customClassName"
  type="button"
>
  <Icon
    size="3x"
    type="bars"
  />
</button>
`;
