// Jest Snapshot v1, https://goo.gl/fbAQLP

exports[`Icon test Icon should render 1`] = `
<div
  className="icon customClassName"
>
  <FontAwesomeIcon
    border={false}
    className=""
    fixedWidth={false}
    flip={null}
    icon="bars"
    inverse={false}
    listItem={false}
    mask={null}
    pull={null}
    pulse={false}
    rotation={null}
    size="3x"
    spin={false}
    swapOpacity={false}
    symbol={false}
    title=""
    transform={null}
  />
</div>
`;
