// Jest Snapshot v1, https://goo.gl/fbAQLP

exports[`Loader test Loader should render 1`] = `
<Fragment>
  <div
    className="loadingContainer"
  />
  <div
    className="loader"
  />
</Fragment>
`;
